
> whatsapp@1.2.0 build
> NEXT_DISABLE_TURBOPACK=1 next build

⚠ Warning: Next.js inferred your workspace root, but it may not be correct.
 We detected multiple lockfiles and selected the directory of /Users/mpiyush/Documents/whatsapp-v1.1/package-lock.json as the root directory.
 To silence this warning, set `turbopack.root` in your Next.js config, or consider removing one of the lockfiles if it's not needed.
   See https://nextjs.org/docs/app/api-reference/config/next-config-js/turbopack#root-directory for more information.
 Detected additional lockfiles: 
   * /Users/mpiyush/Documents/whatsapp-v1.1/frontend/package-lock.json

